%!Adobe-FontList 1.23
%Locale:0x809

%BeginFont
Handler:DirectoryHandler
FontType:Type1
FontName:ThunderBoldRegular
FamilyName:Thunder Bold
StyleName:Regular
FullName:Thunder Bold
MenuName:Thunder Bold
StyleBits:0
WritingScript:Roman
OutlineFileName:D:\My Drive\Future\Cryp3d Punks\Minting Portal\Mintong Portal Layout 002 Folder\Document fonts\Thunder Bold.otf
DataFormat:sfntData
UsesStandardEncoding:yes
isCFF:yes
hasSVG:no
VariableFontType:NonVariableFont
FileLength:54480
FileModTime:1625456894
WeightClass:400
WidthClass:5
AngleClass:0
NameArray:0,Mac,4,Thunder Bold
NameArray:0,Win,1,Thunder Bold
NameArray:0,Win,16,Thunder Bold
%EndFont

%BeginFont
Handler:DirectoryHandler
FontType:TrueType
FontName:Ubuntu-Bold
FamilyName:Ubuntu
StyleName:Bold
FullName:Ubuntu Bold
MenuName:Ubuntu
StyleBits:2
WritingScript:Roman
OutlineFileName:D:\My Drive\Future\Cryp3d Punks\Minting Portal\Mintong Portal Layout 002 Folder\Document fonts\Ubuntu-Bold.ttf
DataFormat:sfntData
hasSVG:no
VariableFontType:NonVariableFont
FileLength:269584
FileModTime:1292335200
WeightClass:700
WidthClass:5
AngleClass:0
NameArray:0,Win,1,Ubuntu
%EndFont

%BeginFont
Handler:DirectoryHandler
FontType:TrueType
FontName:Ubuntu-Light
FamilyName:Ubuntu
StyleName:Light
FullName:Ubuntu Light
MenuName:Ubuntu Light
StyleBits:0
WritingScript:Roman
OutlineFileName:D:\My Drive\Future\Cryp3d Punks\Minting Portal\Mintong Portal Layout 002 Folder\Document fonts\Ubuntu-Light.ttf
DataFormat:sfntData
hasSVG:no
VariableFontType:NonVariableFont
FileLength:361676
FileModTime:1292335200
WeightClass:300
WidthClass:5
AngleClass:0
NameArray:0,Win,1,Ubuntu Light
NameArray:0,Win,16,Ubuntu
%EndFont

%BeginFont
Handler:DirectoryHandler
FontType:TrueType
FontName:Ubuntu-Medium
FamilyName:Ubuntu
StyleName:Medium
FullName:Ubuntu Medium
MenuName:Ubuntu Medium
StyleBits:0
WritingScript:Roman
OutlineFileName:D:\My Drive\Future\Cryp3d Punks\Minting Portal\Mintong Portal Layout 002 Folder\Document fonts\Ubuntu-Medium.ttf
DataFormat:sfntData
hasSVG:no
VariableFontType:NonVariableFont
FileLength:284424
FileModTime:1292335200
WeightClass:500
WidthClass:5
AngleClass:0
NameArray:0,Win,1,Ubuntu Medium
NameArray:0,Win,16,Ubuntu
%EndFont

